// Jest Snapshot v1, https://goo.gl/fbAQLP

exports[`Create Document (Invoice) should create document and match to snapshot 1`] = `"PD94bWwgdmVyc2lvbj0iMS4wIiBlbmNvZGluZz0idXRmLTgiPz48RmFjdHVyYUVsZWN0cm9uaWNhIHhtbG5zPSJodHRwczovL2Nkbi5jb21wcm9iYW50ZXNlbGVjdHJvbmljb3MuZ28uY3IveG1sLXNjaGVtYXMvdjQuMy9mYWN0dXJhRWxlY3Ryb25pY2EiIHhtbG5zOmRzPSJodHRwOi8vd3d3LnczLm9yZy8yMDAwLzA5L3htbGRzaWcjIiB4bWxuczp4c2Q9Imh0dHA6Ly93d3cudzMub3JnLzIwMDEvWE1MU2NoZW1hIiB4bWxuczp4c2k9Imh0dHA6Ly93d3cudzMub3JnLzIwMDEvWE1MU2NoZW1hLWluc3RhbmNlIj48Q2xhdmU+NTA2MDEwNDI0MDAwMjA2OTIwMTQyMDAxMDAwMDEwMTAwMDAwMDAwMDIxMDAwMDAwMDE8L0NsYXZlPjxDb2RpZ29BY3RpdmlkYWQ+MDAwMDA0PC9Db2RpZ29BY3RpdmlkYWQ+PE51bWVyb0NvbnNlY3V0aXZvPjAwMTAwMDAxMDEwMDAwMDAwMDAyPC9OdW1lcm9Db25zZWN1dGl2bz48RmVjaGFFbWlzaW9uPjIwMjQtMDQtMDFUMDA6MDA6MDAuMDAwWjwvRmVjaGFFbWlzaW9uPjxFbWlzb3I+PE5vbWJyZT5FbWlzb3IgbmFtZTwvTm9tYnJlPjxJZGVudGlmaWNhY2lvbj48VGlwbz4wMTwvVGlwbz48TnVtZXJvPjIwNjkyMDE0MjwvTnVtZXJvPjwvSWRlbnRpZmljYWNpb24+PE5vbWJyZUNvbWVyY2lhbD5lbWlzb3IgY29tZXJjaWFsIG5hbWU8L05vbWJyZUNvbWVyY2lhbD48VWJpY2FjaW9uPjxQcm92aW5jaWE+MjwvUHJvdmluY2lhPjxDYW50b24+MDY8L0NhbnRvbj48RGlzdHJpdG8+MDQ8L0Rpc3RyaXRvPjxCYXJyaW8+MDY8L0JhcnJpbz48T3RyYXNTZW5hcz5kZXRhaWxzPC9PdHJhc1NlbmFzPjwvVWJpY2FjaW9uPjxUZWxlZm9ubz48Q29kaWdvUGFpcz41MDY8L0NvZGlnb1BhaXM+PE51bVRlbGVmb25vPjEyMzQxMjM0PC9OdW1UZWxlZm9ubz48L1RlbGVmb25vPjxGYXg+PENvZGlnb1BhaXM+NTA2PC9Db2RpZ29QYWlzPjxOdW1UZWxlZm9ubz4xMjM0MTIzNDwvTnVtVGVsZWZvbm8+PC9GYXg+PENvcnJlb0VsZWN0cm9uaWNvPnRlc3RAdGVzdC5jb208L0NvcnJlb0VsZWN0cm9uaWNvPjwvRW1pc29yPjxSZWNlcHRvcj48Tm9tYnJlPnJlY2VpdmVyIG5hbWUgU1JMPC9Ob21icmU+PElkZW50aWZpY2FjaW9uPjxUaXBvPjAxPC9UaXBvPjxOdW1lcm8+MjA2OTMwMTQzPC9OdW1lcm8+PC9JZGVudGlmaWNhY2lvbj48Tm9tYnJlQ29tZXJjaWFsPnJlY2VpdmVyIG5hbWU8L05vbWJyZUNvbWVyY2lhbD48VWJpY2FjaW9uPjxQcm92aW5jaWE+MjwvUHJvdmluY2lhPjxDYW50b24+MDY8L0NhbnRvbj48RGlzdHJpdG8+MDQ8L0Rpc3RyaXRvPjxCYXJyaW8+MDY8L0JhcnJpbz48T3RyYXNTZW5hcz5kZXRhaWxzPC9PdHJhc1NlbmFzPjwvVWJpY2FjaW9uPjxUZWxlZm9ubz48Q29kaWdvUGFpcz41MDY8L0NvZGlnb1BhaXM+PE51bVRlbGVmb25vPjgwODA4MDgwPC9OdW1UZWxlZm9ubz48L1RlbGVmb25vPjxGYXg+PENvZGlnb1BhaXM+NTA2PC9Db2RpZ29QYWlzPjxOdW1UZWxlZm9ubz44MDgwODA4MDwvTnVtVGVsZWZvbm8+PC9GYXg+PENvcnJlb0VsZWN0cm9uaWNvPnRlc3RAdGVzdC5jb208L0NvcnJlb0VsZWN0cm9uaWNvPjwvUmVjZXB0b3I+PENvbmRpY2lvblZlbnRhPjAxPC9Db25kaWNpb25WZW50YT48TWVkaW9QYWdvPjAzPC9NZWRpb1BhZ28+PERldGFsbGVTZXJ2aWNpbz48TGluZWFEZXRhbGxlPjxOdW1lcm9MaW5lYT4xPC9OdW1lcm9MaW5lYT48Q29kaWdvPjcxMTMzMDEwMDAwMDA8L0NvZGlnbz48Q2FudGlkYWQ+MTwvQ2FudGlkYWQ+PFVuaWRhZE1lZGlkYT5VbmlkPC9VbmlkYWRNZWRpZGE+PERldGFsbGU+ZGV0YWxsZTwvRGV0YWxsZT48UHJlY2lvVW5pdGFyaW8+MTA8L1ByZWNpb1VuaXRhcmlvPjxNb250b1RvdGFsPjEwPC9Nb250b1RvdGFsPjxTdWJUb3RhbD4xMDwvU3ViVG90YWw+PEltcHVlc3RvPjxDb2RpZ28+MDE8L0NvZGlnbz48Q29kaWdvVGFyaWZhPjA4PC9Db2RpZ29UYXJpZmE+PFRhcmlmYT4xMzwvVGFyaWZhPjxNb250bz4xLjM8L01vbnRvPjwvSW1wdWVzdG8+PE1vbnRvVG90YWxMaW5lYT4xMS4zPC9Nb250b1RvdGFsTGluZWE+PC9MaW5lYURldGFsbGU+PC9EZXRhbGxlU2VydmljaW8+PFJlc3VtZW5GYWN0dXJhPjxDb2RpZ29UaXBvTW9uZWRhPjxDb2RpZ29Nb25lZGE+Q1JDPC9Db2RpZ29Nb25lZGE+PFRpcG9DYW1iaW8+NTg1LjY5PC9UaXBvQ2FtYmlvPjwvQ29kaWdvVGlwb01vbmVkYT48VG90YWxTZXJ2R3JhdmFkb3M+MDwvVG90YWxTZXJ2R3JhdmFkb3M+PFRvdGFsU2VydkV4ZW50b3M+MDwvVG90YWxTZXJ2RXhlbnRvcz48VG90YWxNZXJjYW5jaWFzR3JhdmFkYXM+MTA8L1RvdGFsTWVyY2FuY2lhc0dyYXZhZGFzPjxUb3RhbE1lcmNhbmNpYXNFeGVudGFzPjA8L1RvdGFsTWVyY2FuY2lhc0V4ZW50YXM+PFRvdGFsR3JhdmFkbz4xMDwvVG90YWxHcmF2YWRvPjxUb3RhbEV4ZW50bz4wPC9Ub3RhbEV4ZW50bz48VG90YWxFeG9uZXJhZG8+MDwvVG90YWxFeG9uZXJhZG8+PFRvdGFsVmVudGE+MTA8L1RvdGFsVmVudGE+PFRvdGFsRGVzY3VlbnRvcz4wPC9Ub3RhbERlc2N1ZW50b3M+PFRvdGFsVmVudGFOZXRhPjEwPC9Ub3RhbFZlbnRhTmV0YT48VG90YWxJbXB1ZXN0bz4xLjM8L1RvdGFsSW1wdWVzdG8+PFRvdGFsQ29tcHJvYmFudGU+MTEuMzwvVG90YWxDb21wcm9iYW50ZT48L1Jlc3VtZW5GYWN0dXJhPjwvRmFjdHVyYUVsZWN0cm9uaWNhPg=="`;
